// Jest Snapshot v1, https://goo.gl/fbAQLP

exports[`babel plugin with options should cache all Elements 1`] = `
Object {
  "165372b4": "App/index.js default",
  "1b1a9b1f": "App/index.js FunctionalComponent",
  "20ca140e": "App/index.js ComposedComponent2",
  "2cf9b58f": "App/index.js UnexportComponent",
  "7826a6": "App/index.js ArrowFunctionalComponent",
  "7cb847d2": "App/index.js ComponentWithAttrs",
  "9d16a7de": "App/index.js ClassComponent",
  "cc393c49": "App/index.js Button",
  "d2e56e0f": "App/index.js SpreadPropsComponent",
  "f909cc1c": "App/index.js ComposedComponent",
  "fad6b557": "App/index.js RenderFunction",
  "fd2b1305": "App/index.js ComponentNoDestructure",
}
`;
