// Jest Snapshot v1, https://goo.gl/fbAQLP

exports[`select should build css selector 1`] = `"[data-tid~=\\"30d26c9a\\"] > [data-tid~=\\"ffe55b71\\"]"`;

exports[`select should build xpath selector 1`] = `"//*[contains(@data-tid, '30d26c9a')]/[contains(@data-tid, 'ffe55b71')]"`;

exports[`select should work with variables 1`] = `"[data-tid~=\\"30d26c9a\\"] > [data-tid~=\\"ffe55b71\\"]:nth-child(0)"`;
